00:00 +0: loading C:/Project Space/Qlue-v2/frontend/test/api_constants_test.dart
flutter : test/auth_flow_test.dart:37:7: Error: No named parameter with the name 'auth'.
At line:1 char:1
+ flutter test > test_output.txt 2>&1
+ ~~~~~~~~~~~~~~~~~~~~~~~~~~~~~~~~~~~
    + CategoryInfo          : NotSpecified: (test/auth_flow_...he name 'auth'.:String) [], RemoteException
    + FullyQualifiedErrorId : NativeCommandError
 
      auth: mockAuth,
      ^^^^
lib/context/auth_provider.dart:57:3: Context: Found this candidate, but the arguments don't match.
  AuthProvider() {
  ^^^^^^^^^^^^
00:00 +0 -1: loading C:/Project Space/Qlue-v2/frontend/test/auth_flow_test.dart [E]
  Failed to load "C:/Project Space/Qlue-v2/frontend/test/auth_flow_test.dart":
  Compilation failed for testPath=C:/Project Space/Qlue-v2/frontend/test/auth_flow_test.dart: test/auth_flow_test.dart:37:7: Error: No named parameter with the name 'auth'.
        auth: mockAuth,
        ^^^^
  lib/context/auth_provider.dart:57:3: Context: Found this candidate, but the arguments don't match.
    AuthProvider() {
    ^^^^^^^^^^^^
  .
00:00 +0 -2: loading C:/Project Space/Qlue-v2/frontend/test/api_constants_test.dart [E]
  Error: The Dart compiler exited unexpectedly.
  package:flutter_tools/src/base/common.dart 34:3  throwToolExit
  package:flutter_tools/src/compile.dart 939:11    DefaultResidentCompiler._compile.<fn>
  dart:async/zone_root.dart 48:47                  _rootRunUnary
  dart:async/zone.dart 733:19                      _CustomZone.runUnary
  dart:async/future_impl.dart 948:45               Future._propagateToListeners.handleValueCallback
  dart:async/future_impl.dart 977:13               Future._propagateToListeners
  dart:async/future_impl.dart 862:9                Future._propagateToListeners
  dart:async/future_impl.dart 720:5                Future._completeWithValue
  dart:async/future_impl.dart 804:7                Future._asyncCompleteWithValue.<fn>
  dart:async/zone_root.dart 35:13                  _rootRun
  dart:async/zone.dart 726:19                      _CustomZone.run
  dart:async/zone.dart 625:7                       _CustomZone.runGuarded
  dart:async/zone.dart 666:23                      _CustomZone.bindCallbackGuarded.<fn>
  dart:async/schedule_microtask.dart 40:35         _microtaskLoop
  dart:async/schedule_microtask.dart 49:5          _startMicrotaskLoop
  dart:isolate-patch/isolate_patch.dart 127:13     _runPendingImmediateCallback
  dart:isolate-patch/isolate_patch.dart 194:5      _RawReceivePort._handleMessage
  
00:00 +0 -2: C:/Project Space/Qlue-v2/frontend/test/api_constants_test.dart: ApiConstants should have correct dashboard session path
00:00 +1 -2: C:/Project Space/Qlue-v2/frontend/test/api_constants_test.dart: ApiConstants should have correct interview init path
test/auth_provider_test.dart:36:9: Error: No named parameter with the name 'auth'.
        auth: mockAuth,
        ^^^^
lib/context/auth_provider.dart:57:3: Context: Found this candidate, but the arguments don't match.
  AuthProvider() {
  ^^^^^^^^^^^^
test/auth_provider_test.dart:51:9: Error: No named parameter with the name 'auth'.
        auth: mockAuth,
        ^^^^
lib/context/auth_provider.dart:57:3: Context: Found this candidate, but the arguments don't match.
  AuthProvider() {
  ^^^^^^^^^^^^
test/auth_provider_test.dart:77:9: Error: No named parameter with the name 'auth'.
        auth: mockAuth,
        ^^^^
lib/context/auth_provider.dart:57:3: Context: Found this candidate, but the arguments don't match.
  AuthProvider() {
  ^^^^^^^^^^^^
test/auth_provider_test.dart:98:9: Error: No named parameter with the name 'auth'.
        auth: mockAuth,
        ^^^^
lib/context/auth_provider.dart:57:3: Context: Found this candidate, but the arguments don't match.
  AuthProvider() {
  ^^^^^^^^^^^^
00:02 +2 -3: loading C:/Project Space/Qlue-v2/frontend/test/auth_provider_test.dart [E]
  Failed to load "C:/Project Space/Qlue-v2/frontend/test/auth_provider_test.dart":
  Compilation failed for testPath=C:/Project Space/Qlue-v2/frontend/test/auth_provider_test.dart: test/auth_provider_test.dart:36:9: Error: No named parameter with the name 'auth'.
          auth: mockAuth,
          ^^^^
  lib/context/auth_provider.dart:57:3: Context: Found this candidate, but the arguments don't match.
    AuthProvider() {
    ^^^^^^^^^^^^
  test/auth_provider_test.dart:51:9: Error: No named parameter with the name 'auth'.
          auth: mockAuth,
          ^^^^
  lib/context/auth_provider.dart:57:3: Context: Found this candidate, but the arguments don't match.
    AuthProvider() {
    ^^^^^^^^^^^^
  test/auth_provider_test.dart:77:9: Error: No named parameter with the name 'auth'.
          auth: mockAuth,
          ^^^^
  lib/context/auth_provider.dart:57:3: Context: Found this candidate, but the arguments don't match.
    AuthProvider() {
    ^^^^^^^^^^^^
  test/auth_provider_test.dart:98:9: Error: No named parameter with the name 'auth'.
          auth: mockAuth,
          ^^^^
  lib/context/auth_provider.dart:57:3: Context: Found this candidate, but the arguments don't match.
    AuthProvider() {
    ^^^^^^^^^^^^
  .
test/dashboard_provider_test.dart:19:42: Error: No named parameter with the name 'apiService'.
      final provider = DashboardProvider(apiService: mockApi);
                                         ^^^^^^^^^^
lib/context/dashboard_provider.dart:6:7: Context: The class 'DashboardProvider' has a constructor that takes no 
arguments.
class DashboardProvider extends ChangeNotifier {
      ^
test/dashboard_provider_test.dart:27:9: Error: No named parameter with the name 'bestModuleScores'.
        bestModuleScores: {'RESUME': 90},
        ^^^^^^^^^^^^^^^^
lib/core/models/dashboard_model.dart:14:3: Context: Found this candidate, but the arguments don't match.
  DashboardSummary({
  ^^^^^^^^^^^^^^^^
test/dashboard_provider_test.dart:58:42: Error: No named parameter with the name 'apiService'.
      final provider = DashboardProvider(apiService: mockApi);
                                         ^^^^^^^^^^
lib/context/dashboard_provider.dart:6:7: Context: The class 'DashboardProvider' has a constructor that takes no 
arguments.
class DashboardProvider extends ChangeNotifier {
      ^
00:05 +2 -4: loading C:/Project Space/Qlue-v2/frontend/test/dashboard_provider_test.dart [E]
  Failed to load "C:/Project Space/Qlue-v2/frontend/test/dashboard_provider_test.dart":
  Compilation failed for testPath=C:/Project Space/Qlue-v2/frontend/test/dashboard_provider_test.dart: test/dashboard_provider_test.dart:19:42: Error: No named parameter with the name 'apiService'.
        final provider = DashboardProvider(apiService: mockApi);
                                           ^^^^^^^^^^
  lib/context/dashboard_provider.dart:6:7: Context: The class 'DashboardProvider' has a constructor that takes no arguments.
  class DashboardProvider extends ChangeNotifier {
        ^
  test/dashboard_provider_test.dart:27:9: Error: No named parameter with the name 'bestModuleScores'.
          bestModuleScores: {'RESUME': 90},
          ^^^^^^^^^^^^^^^^
  lib/core/models/dashboard_model.dart:14:3: Context: Found this candidate, but the arguments don't match.
    DashboardSummary({
    ^^^^^^^^^^^^^^^^
  test/dashboard_provider_test.dart:58:42: Error: No named parameter with the name 'apiService'.
        final provider = DashboardProvider(apiService: mockApi);
                                           ^^^^^^^^^^
  lib/context/dashboard_provider.dart:6:7: Context: The class 'DashboardProvider' has a constructor that takes no arguments.
  class DashboardProvider extends ChangeNotifier {
        ^
  .
00:06 +2 -4: C:/Project Space/Qlue-v2/frontend/test/components_test.dart: UI Component Tests GlassCard should render child and apply glass effect
00:07 +3 -4: C:/Project Space/Qlue-v2/frontend/test/components_test.dart: UI Component Tests Avatar should render correct state and name
test/feedback_provider_test.dart:4:8: Error: Error when reading 'lib/context/feedback_provider.dart': The system 
cannot find the file specified
import 'package:frontend/context/feedback_provider.dart';
       ^
test/feedback_provider_test.dart:5:8: Error: Error when reading 'lib/core/services/feedback_api_service.dart': The 
system cannot find the file specified
import 'package:frontend/core/services/feedback_api_service.dart';
       ^
test/feedback_provider_test.dart:9:8: Error: Error when reading 'test/feedback_provider_test.mocks.dart': The system 
cannot find the file specified
import 'feedback_provider_test.mocks.dart';
       ^
test/feedback_provider_test.dart:8:17: Error: Undefined name 'FeedbackApiService'.
@GenerateMocks([FeedbackApiService])
                ^^^^^^^^^^^^^^^^^^
test/feedback_provider_test.dart:12:8: Error: 'FeedbackProvider' isn't a type.
  late FeedbackProvider provider;
       ^^^^^^^^^^^^^^^^
test/feedback_provider_test.dart:13:8: Error: 'MockFeedbackApiService' isn't a type.
  late MockFeedbackApiService mockApiService;
       ^^^^^^^^^^^^^^^^^^^^^^
test/feedback_provider_test.dart:16:22: Error: Method not found: 'MockFeedbackApiService'.
    mockApiService = MockFeedbackApiService();
                     ^^^^^^^^^^^^^^^^^^^^^^
test/feedback_provider_test.dart:17:16: Error: Method not found: 'FeedbackProvider'.
    provider = FeedbackProvider(apiService: mockApiService);
               ^^^^^^^^^^^^^^^^
00:08 +4 -5: loading C:/Project Space/Qlue-v2/frontend/test/feedback_provider_test.dart [E]
  Failed to load "C:/Project Space/Qlue-v2/frontend/test/feedback_provider_test.dart":
  Compilation failed for testPath=C:/Project Space/Qlue-v2/frontend/test/feedback_provider_test.dart: test/feedback_provider_test.dart:4:8: Error: Error when reading 'lib/context/feedback_provider.dart': The system cannot find the file specified
  import 'package:frontend/context/feedback_provider.dart';
         ^
  test/feedback_provider_test.dart:5:8: Error: Error when reading 'lib/core/services/feedback_api_service.dart': The system cannot find the file specified
  import 'package:frontend/core/services/feedback_api_service.dart';
         ^
  test/feedback_provider_test.dart:9:8: Error: Error when reading 'test/feedback_provider_test.mocks.dart': The system cannot find the file specified
  import 'feedback_provider_test.mocks.dart';
         ^
  test/feedback_provider_test.dart:8:17: Error: Undefined name 'FeedbackApiService'.
  @GenerateMocks([FeedbackApiService])
                  ^^^^^^^^^^^^^^^^^^
  test/feedback_provider_test.dart:12:8: Error: 'FeedbackProvider' isn't a type.
    late FeedbackProvider provider;
         ^^^^^^^^^^^^^^^^
  test/feedback_provider_test.dart:13:8: Error: 'MockFeedbackApiService' isn't a type.
    late MockFeedbackApiService mockApiService;
         ^^^^^^^^^^^^^^^^^^^^^^
  test/feedback_provider_test.dart:16:22: Error: Method not found: 'MockFeedbackApiService'.
      mockApiService = MockFeedbackApiService();
                       ^^^^^^^^^^^^^^^^^^^^^^
  test/feedback_provider_test.dart:17:16: Error: Method not found: 'FeedbackProvider'.
      provider = FeedbackProvider(apiService: mockApiService);
                 ^^^^^^^^^^^^^^^^
  .
test/feedback_screen_test.dart:7:8: Error: Error when reading 'lib/context/feedback_provider.dart': The system cannot 
find the file specified
import 'package:frontend/context/feedback_provider.dart';
       ^
test/feedback_screen_test.dart:14:8: Error: Error when reading 'test/feedback_screen_test.mocks.dart': The system 
cannot find the file specified
import 'feedback_screen_test.mocks.dart';
       ^
test/feedback_screen_test.dart:13:17: Error: Undefined name 'FeedbackProvider'.
@GenerateMocks([FeedbackProvider, DashboardProvider, AuthProvider])
                ^^^^^^^^^^^^^^^^
test/feedback_screen_test.dart:17:8: Error: 'MockFeedbackProvider' isn't a type.
  late MockFeedbackProvider mockFeedbackProvider;
       ^^^^^^^^^^^^^^^^^^^^
test/feedback_screen_test.dart:18:8: Error: 'MockDashboardProvider' isn't a type.
  late MockDashboardProvider mockDashboardProvider;
       ^^^^^^^^^^^^^^^^^^^^^
test/feedback_screen_test.dart:21:28: Error: Method not found: 'MockFeedbackProvider'.
    mockFeedbackProvider = MockFeedbackProvider();
                           ^^^^^^^^^^^^^^^^^^^^
test/feedback_screen_test.dart:22:29: Error: Method not found: 'MockDashboardProvider'.
    mockDashboardProvider = MockDashboardProvider();
                            ^^^^^^^^^^^^^^^^^^^^^
test/feedback_screen_test.dart:33:32: Error: 'FeedbackProvider' isn't a type.
        ChangeNotifierProvider<FeedbackProvider>.value(value: mockFeedbackProvider),
                               ^^^^^^^^^^^^^^^^
00:11 +4 -6: loading C:/Project Space/Qlue-v2/frontend/test/feedback_screen_test.dart [E]
  Failed to load "C:/Project Space/Qlue-v2/frontend/test/feedback_screen_test.dart":
  Compilation failed for testPath=C:/Project Space/Qlue-v2/frontend/test/feedback_screen_test.dart: test/feedback_screen_test.dart:7:8: Error: Error when reading 'lib/context/feedback_provider.dart': The system cannot find the file specified
  import 'package:frontend/context/feedback_provider.dart';
         ^
  test/feedback_screen_test.dart:14:8: Error: Error when reading 'test/feedback_screen_test.mocks.dart': The system cannot find the file specified
  import 'feedback_screen_test.mocks.dart';
         ^
  test/feedback_screen_test.dart:13:17: Error: Undefined name 'FeedbackProvider'.
  @GenerateMocks([FeedbackProvider, DashboardProvider, AuthProvider])
                  ^^^^^^^^^^^^^^^^
  test/feedback_screen_test.dart:17:8: Error: 'MockFeedbackProvider' isn't a type.
    late MockFeedbackProvider mockFeedbackProvider;
         ^^^^^^^^^^^^^^^^^^^^
  test/feedback_screen_test.dart:18:8: Error: 'MockDashboardProvider' isn't a type.
    late MockDashboardProvider mockDashboardProvider;
         ^^^^^^^^^^^^^^^^^^^^^
  test/feedback_screen_test.dart:21:28: Error: Method not found: 'MockFeedbackProvider'.
      mockFeedbackProvider = MockFeedbackProvider();
                             ^^^^^^^^^^^^^^^^^^^^
  test/feedback_screen_test.dart:22:29: Error: Method not found: 'MockDashboardProvider'.
      mockDashboardProvider = MockDashboardProvider();
                              ^^^^^^^^^^^^^^^^^^^^^
  test/feedback_screen_test.dart:33:32: Error: 'FeedbackProvider' isn't a type.
          ChangeNotifierProvider<FeedbackProvider>.value(value: mockFeedbackProvider),
                                 ^^^^^^^^^^^^^^^^
  .
test/interview_flow_test.dart:50:7: Error: No named parameter with the name 'auth'.
      auth: mockAuth,
      ^^^^
lib/context/auth_provider.dart:57:3: Context: Found this candidate, but the arguments don't match.
  AuthProvider() {
  ^^^^^^^^^^^^
test/interview_flow_test.dart:56:7: Error: No named parameter with the name 'sttService'.
      sttService: mockStt,
      ^^^^^^^^^^
lib/features/interview/providers/interview_provider.dart:62:3: Context: Found this candidate, but the arguments don't 
match.
  InterviewProvider();
  ^^^^^^^^^^^^^^^^^
00:13 +4 -7: loading C:/Project Space/Qlue-v2/frontend/test/interview_flow_test.dart [E]
  Failed to load "C:/Project Space/Qlue-v2/frontend/test/interview_flow_test.dart":
  Compilation failed for testPath=C:/Project Space/Qlue-v2/frontend/test/interview_flow_test.dart: test/interview_flow_test.dart:50:7: Error: No named parameter with the name 'auth'.
        auth: mockAuth,
        ^^^^
  lib/context/auth_provider.dart:57:3: Context: Found this candidate, but the arguments don't match.
    AuthProvider() {
    ^^^^^^^^^^^^
  test/interview_flow_test.dart:56:7: Error: No named parameter with the name 'sttService'.
        sttService: mockStt,
        ^^^^^^^^^^
  lib/features/interview/providers/interview_provider.dart:62:3: Context: Found this candidate, but the arguments don't match.
    InterviewProvider();
    ^^^^^^^^^^^^^^^^^
  .
test/interview_provider_test.dart:49:9: Error: No named parameter with the name 'sttService'.
        sttService: mockStt,
        ^^^^^^^^^^
lib/features/interview/providers/interview_provider.dart:62:3: Context: Found this candidate, but the arguments don't 
match.
  InterviewProvider();
  ^^^^^^^^^^^^^^^^^
test/interview_provider_test.dart:76:9: Error: No named parameter with the name 'sttService'.
        sttService: mockStt,
        ^^^^^^^^^^
lib/features/interview/providers/interview_provider.dart:62:3: Context: Found this candidate, but the arguments don't 
match.
  InterviewProvider();
  ^^^^^^^^^^^^^^^^^
00:16 +4 -8: loading C:/Project Space/Qlue-v2/frontend/test/interview_provider_test.dart [E]
  Failed to load "C:/Project Space/Qlue-v2/frontend/test/interview_provider_test.dart":
  Compilation failed for testPath=C:/Project Space/Qlue-v2/frontend/test/interview_provider_test.dart: test/interview_provider_test.dart:49:9: Error: No named parameter with the name 'sttService'.
          sttService: mockStt,
          ^^^^^^^^^^
  lib/features/interview/providers/interview_provider.dart:62:3: Context: Found this candidate, but the arguments don't match.
    InterviewProvider();
    ^^^^^^^^^^^^^^^^^
  test/interview_provider_test.dart:76:9: Error: No named parameter with the name 'sttService'.
          sttService: mockStt,
          ^^^^^^^^^^
  lib/features/interview/providers/interview_provider.dart:62:3: Context: Found this candidate, but the arguments don't match.
    InterviewProvider();
    ^^^^^^^^^^^^^^^^^
  .
test/resume_provider_test.dart:29:39: Error: No named parameter with the name 'apiService'.
      final provider = ResumeProvider(apiService: mockApi);
                                      ^^^^^^^^^^
lib/context/resume_provider.dart:11:7: Context: The class 'ResumeProvider' has a constructor that takes no arguments.
class ResumeProvider extends ChangeNotifier {
      ^
test/resume_provider_test.dart:54:39: Error: No named parameter with the name 'apiService'.
      final provider = ResumeProvider(apiService: mockApi, s3Dio: mockS3Dio);
                                      ^^^^^^^^^^
lib/context/resume_provider.dart:11:7: Context: The class 'ResumeProvider' has a constructor that takes no arguments.
class ResumeProvider extends ChangeNotifier {
      ^
test/resume_provider_test.dart:87:39: Error: No named parameter with the name 'apiService'.
      final provider = ResumeProvider(apiService: mockApi);
                                      ^^^^^^^^^^
lib/context/resume_provider.dart:11:7: Context: The class 'ResumeProvider' has a constructor that takes no arguments.
class ResumeProvider extends ChangeNotifier {
      ^
00:19 +4 -9: loading C:/Project Space/Qlue-v2/frontend/test/resume_provider_test.dart [E]
  Failed to load "C:/Project Space/Qlue-v2/frontend/test/resume_provider_test.dart":
  Compilation failed for testPath=C:/Project Space/Qlue-v2/frontend/test/resume_provider_test.dart: test/resume_provider_test.dart:29:39: Error: No named parameter with the name 'apiService'.
        final provider = ResumeProvider(apiService: mockApi);
                                        ^^^^^^^^^^
  lib/context/resume_provider.dart:11:7: Context: The class 'ResumeProvider' has a constructor that takes no arguments.
  class ResumeProvider extends ChangeNotifier {
        ^
  test/resume_provider_test.dart:54:39: Error: No named parameter with the name 'apiService'.
        final provider = ResumeProvider(apiService: mockApi, s3Dio: mockS3Dio);
                                        ^^^^^^^^^^
  lib/context/resume_provider.dart:11:7: Context: The class 'ResumeProvider' has a constructor that takes no arguments.
  class ResumeProvider extends ChangeNotifier {
        ^
  test/resume_provider_test.dart:87:39: Error: No named parameter with the name 'apiService'.
        final provider = ResumeProvider(apiService: mockApi);
                                        ^^^^^^^^^^
  lib/context/resume_provider.dart:11:7: Context: The class 'ResumeProvider' has a constructor that takes no arguments.
  class ResumeProvider extends ChangeNotifier {
        ^
  .
00:19 +4 -9: C:/Project Space/Qlue-v2/frontend/test/models_test.dart: Model Serialization Tests DashboardSummary.fromJson should parse correctly
00:19 +5 -9: C:/Project Space/Qlue-v2/frontend/test/models_test.dart: Model Serialization Tests RadarData.fromJson should parse correctly and map labels
00:19 +5 -10: C:/Project Space/Qlue-v2/frontend/test/models_test.dart: Model Serialization Tests RadarData.fromJson should parse correctly and map labels [E]
  Expected: <0.8>
    Actual: <null>
  
  package:matcher                                     expect
  package:flutter_test/src/widget_tester.dart 473:18  expect
  test\models_test.dart 46:7                          main.<fn>.<fn>
  
00:19 +5 -10: C:/Project Space/Qlue-v2/frontend/test/models_test.dart: Model Serialization Tests SessionModel.fromJson should parse correctly
00:19 +5 -11: C:/Project Space/Qlue-v2/frontend/test/models_test.dart: Model Serialization Tests SessionModel.fromJson should parse correctly [E]
  Expected: <86>
    Actual: <0>
  
  package:matcher                                     expect
  package:flutter_test/src/widget_tester.dart 473:18  expect
  test\models_test.dart 62:7                          main.<fn>.<fn>
  
00:19 +5 -11: C:/Project Space/Qlue-v2/frontend/test/models_test.dart: Model Serialization Tests ResumeModel.fromJson should parse correctly
00:19 +6 -11: C:/Project Space/Qlue-v2/frontend/test/models_test.dart: Model Serialization Tests FeedbackReportModel.fromJson should parse correctly
00:28 +7 -11: C:/Project Space/Qlue-v2/frontend/test/widget_test.dart: App smoke test - shows splash screen
00:29 +8 -11: Some tests failed.
